// Jest Snapshot v1, https://goo.gl/fbAQLP

exports[`Button: should render correctly 1`] = `
<View
  accessible={true}
  collapsable={false}
  focusable={true}
  onClick={[Function]}
  onResponderGrant={[Function]}
  onResponderMove={[Function]}
  onResponderRelease={[Function]}
  onResponderTerminate={[Function]}
  onResponderTerminationRequest={[Function]}
  onStartShouldSetResponder={[Function]}
  style={
    Object {
      "alignItems": "center",
      "backgroundColor": "#A100FF",
      "borderRadius": 8,
      "minWidth": 150,
      "opacity": 1,
      "paddingHorizontal": 15,
      "paddingVertical": 15,
    }
  }
>
  <Text
    style={
      Object {
        "color": "white",
        "fontSize": 20,
      }
    }
  >
    
  </Text>
</View>
`;
