// Jest Snapshot v1, https://goo.gl/fbAQLP

exports[`testing custom button Should render Button 1`] = `
<View
  collapsable={false}
  style={
    {
      "backgroundColor": "#ffffff",
      "borderRadius": 5,
      "elevation": 5,
      "height": 60,
      "marginTop": "5%",
      "shadowColor": "#000000",
      "shadowOffset": {
        "height": 4,
        "width": 0,
      },
      "shadowOpacity": 0.24,
      "shadowRadius": 5,
      "width": "90%",
    }
  }
  testID="button"
>
  <View
    accessible={true}
    collapsable={false}
    focusable={true}
    onClick={[Function]}
    onResponderGrant={[Function]}
    onResponderMove={[Function]}
    onResponderRelease={[Function]}
    onResponderTerminate={[Function]}
    onResponderTerminationRequest={[Function]}
    onStartShouldSetResponder={[Function]}
    style={
      {
        "alignItems": "center",
        "backgroundColor": "red",
        "borderRadius": 5,
        "flex": 1,
        "justifyContent": "center",
        "opacity": 1,
      }
    }
    testID="touch"
  >
    <Text
      style={
        [
          {
            "color": "#000000",
            "fontFamily": "System",
            "fontWeight": "400",
          },
          {
            "textAlign": "left",
          },
          [
            {
              "textAlign": "left",
            },
            {
              "color": "rgba(0, 0, 0, 0.87)",
              "fontFamily": "System",
              "fontWeight": "400",
              "writingDirection": "ltr",
            },
            [
              {
                "fontSize": 16,
                "letterSpacing": 0.5,
                "lineHeight": 24,
                "marginVertical": 2,
              },
              {
                "color": "white",
                "fontSize": 18,
                "letterSpacing": 1.5,
              },
            ],
          ],
        ]
      }
      testID="label"
    >
      NEXT
    </Text>
  </View>
</View>
`;
